../Core/Src/main.c:72:6:microDelay	16	static
../Core/Src/main.c:78:9:DHT22_Start	32	static
../Core/Src/main.c:109:9:DHT22_Read	16	static
../Core/Src/main.c:140:5:main	112	static
../Core/Src/main.c:245:6:SystemClock_Config	88	static
../Core/Src/main.c:292:13:MX_ADC1_Init	24	static
../Core/Src/main.c:344:13:MX_TIM1_Init	32	static
../Core/Src/main.c:390:13:MX_USART2_UART_Init	8	static
../Core/Src/main.c:423:13:MX_GPIO_Init	48	static
../Core/Src/main.c:479:6:Error_Handler	4	static,ignoring_inline_asm
